error: unsupported reporter format 'tap'. Available options: 'junit' (for XML test results), 'dots'
